<!DOCTYPE html>
<html lang="en">

<head>
    <meta charset="UTF-8">
    <title>Foo Bar</title>
</head>

<body>
    <ul class="fruit">
        <li>apples</li>
        <li>pears</li>
        <li>plums</li>
    </ul>
    <p>lorem ipsum dolar at sim.</p>
    <p>lorem ipsum dolar at sim.</p>

</body>

</html>